=== kernel and USB ===
6.18.38
Bus 001 Device 006: ID 3904:f001 ARCTIC (HK) ARCTIC Fan Controller
=== loaded modules ===
arctic_fan_controller    16384  0
amdgpu              16023552  1
dell_smm_hwmon         28672  0
=== module metadata ===
filename:       /run/current-system/kernel-modules/lib/modules/6.18.38/updates/arctic_fan_controller.ko
alias:          hid:b0003g*v00003904p0000F001
name:           arctic_fan_controller
vermagic:       6.18.38 SMP preempt mod_unload 
=== module-load service ===
● arctic-fan-module-load.service - Load the kernel-matched ARCTIC Fan Controller module
     Loaded: loaded (/etc/systemd/system/arctic-fan-module-load.service; enabled; preset: ignored)
     Active: active (exited) since Fri 2026-09-04 14:17:20 EDT; 1min 8s ago
 Invocation: ad79bdad85a546408f01eb97df2f193e
    Process: 242500 ExecStart=/nix/store/insacwrvg97kj74x8dqlyjm2g44x12q3-load-arctic-fan-controller (code=exited, status=0/SUCCESS)
   Main PID: 242500 (code=exited, status=0/SUCCESS)
         IP: 0B in, 0B out
         IO: 0B read, 0B written
   Mem peak: 2.2M
        CPU: 15ms

Sep 04 14:17:20 server systemd[1]: Starting Load the kernel-matched ARCTIC Fan Controller module...
Sep 04 14:17:20 server systemd[1]: Finished Load the kernel-matched ARCTIC Fan Controller module.
Sep 04 14:17:20 server systemd[1]: Starting Load the kernel-matched ARCTIC Fan Controller module...
Sep 04 14:17:20 server systemd[1]: Finished Load the kernel-matched ARCTIC Fan Controller module.
=== safety service ===
● arctic-fan-safe-high.service - Set all ARCTIC Fan Controller channels to safe high
     Loaded: loaded (/etc/systemd/system/arctic-fan-safe-high.service; enabled; preset: ignored)
     Active: active (exited) since Fri 2026-09-04 14:17:20 EDT; 1min 8s ago
 Invocation: e68e9e5191204e61a4019bd816e50ac8
    Process: 242523 ExecStart=/nix/store/7cm24ayy1zaw66mhz66cay6rk84289w6-arctic-fans-100/bin/arctic-fans-100 (code=exited, status=0/SUCCESS)
   Main PID: 242523 (code=exited, status=0/SUCCESS)
         IP: 0B in, 0B out
         IO: 0B read, 0B written
   Mem peak: 2.8M
        CPU: 39ms

Sep 04 14:17:20 server systemd[1]: Starting Set all ARCTIC Fan Controller channels to safe high...
Sep 04 14:17:20 server arctic-fans-100[242523]: ARCTIC Fan Controller: verified 10 PWM channel(s) at 100%
Sep 04 14:17:20 server systemd[1]: Finished Set all ARCTIC Fan Controller channels to safe high.
Sep 04 14:08:19 server systemd[1]: Starting Set all ARCTIC Fan Controller channels to safe high...
Sep 04 14:09:22 server arctic-fans-100[213460]: ARCTIC Fan Controller hwmon device did not appear
Sep 04 14:09:22 server systemd[1]: arctic-fan-safe-high.service: Main process exited, code=exited, status=1/FAILURE
Sep 04 14:09:22 server systemd[1]: arctic-fan-safe-high.service: Failed with result 'exit-code'.
Sep 04 14:09:22 server systemd[1]: Failed to start Set all ARCTIC Fan Controller channels to safe high.
Sep 04 14:09:22 server systemd[1]: arctic-fan-safe-high.service: Consumed 3.182s CPU time over 1min 3.160s wall clock time, 3.2M memory peak.
Sep 04 14:17:20 server systemd[1]: Starting Set all ARCTIC Fan Controller channels to safe high...
Sep 04 14:17:20 server arctic-fans-100[242523]: ARCTIC Fan Controller: verified 10 PWM channel(s) at 100%
Sep 04 14:17:20 server systemd[1]: Finished Set all ARCTIC Fan Controller channels to safe high.
=== safety unit ===
# /etc/systemd/system/arctic-fan-safe-high.service -> /nix/store/7jcb9mplmiilyz3xdf3afz3clsii6jg6-unit-arctic-fan-safe-high.service/arctic-fan-safe-high.service
[Unit]
After=systemd-modules-load.service arctic-fan-module-load.service
Before=coolercontrold.service
Description=Set all ARCTIC Fan Controller channels to safe high
Requires=arctic-fan-module-load.service

[Service]
Environment="LOCALE_ARCHIVE=/nix/store/dkij3qk5h8rwzysr42w02knfl95vz8q8-glibc-locales-2.42-67/lib/locale/locale-archive"
Environment="PATH=/nix/store/sr26flm2nkfa12dkrwj2630kqsfakky4-coreutils-9.11/bin:/nix/store/zjwih3d9rrrw4ixll52wsy0538p7vdfd-findutils-4.10.0/bin:/nix/store/w8xlvapzxcz23ba312q119p57bnc7200-gnugrep-3.12/bin:/nix/store/0hamsiy8hsyfw1hmizbc3bf93ad7fa1v-gnused-4.9/bin:/nix/store/rd05syhv5v5999907a2n1r37sgi19vpd-systemd-260.2/bin:/nix/store/sr26flm2nkfa12dkrwj2630kqsfakky4-coreutils-9.11/sbin:/nix/store/zjwih3d9rrrw4ixll52wsy0538p7vdfd-findutils-4.10.0/sbin:/nix/store/w8xlvapzxcz23ba312q119p57bnc7200-gnugrep-3.12/sbin:/nix/store/0hamsiy8hsyfw1hmizbc3bf93ad7fa1v-gnused-4.9/sbin:/nix/store/rd05syhv5v5999907a2n1r37sgi19vpd-systemd-260.2/sbin"
Environment="TZDIR=/nix/store/ga3b95jkyvknam1nxl25r95nyk87ix25-tzdata-2026b/share/zoneinfo"
ExecStart=/nix/store/7cm24ayy1zaw66mhz66cay6rk84289w6-arctic-fans-100/bin/arctic-fans-100
RemainAfterExit=true
TimeoutStartSec=90s
Type=oneshot

[Install]
WantedBy=multi-user.target
=== hwmon names ===
/sys/class/hwmon/hwmon0: nvme
/sys/class/hwmon/hwmon1: nvme
/sys/class/hwmon/hwmon2: coretemp
/sys/class/hwmon/hwmon3: dell_smm
/sys/class/hwmon/hwmon4: amdgpu
/sys/class/hwmon/hwmon5: amdgpu
/sys/class/hwmon/hwmon6: arctic_fan
=== ARCTIC device ===
HWMON=/sys/class/hwmon/hwmon6
/sys/devices/pci0000:00/0000:00:14.0/usb1/1-11/1-11:1.0/0003:3904:F001.0001
attributes:
permissions:
lrwxrwxrwx root:root /sys/class/hwmon/hwmon6/device
-r--r--r-- root:root /sys/class/hwmon/hwmon6/fan10_input
-r--r--r-- root:root /sys/class/hwmon/hwmon6/fan1_input
-r--r--r-- root:root /sys/class/hwmon/hwmon6/fan2_input
-r--r--r-- root:root /sys/class/hwmon/hwmon6/fan3_input
-r--r--r-- root:root /sys/class/hwmon/hwmon6/fan4_input
-r--r--r-- root:root /sys/class/hwmon/hwmon6/fan5_input
-r--r--r-- root:root /sys/class/hwmon/hwmon6/fan6_input
-r--r--r-- root:root /sys/class/hwmon/hwmon6/fan7_input
-r--r--r-- root:root /sys/class/hwmon/hwmon6/fan8_input
-r--r--r-- root:root /sys/class/hwmon/hwmon6/fan9_input
-r--r--r-- root:root /sys/class/hwmon/hwmon6/name
lrwxrwxrwx root:root /sys/class/hwmon/hwmon6/of_node
drwxr-xr-x root:root /sys/class/hwmon/hwmon6/power
-rw-r--r-- root:root /sys/class/hwmon/hwmon6/pwm1
-rw-r--r-- root:root /sys/class/hwmon/hwmon6/pwm10
-rw-r--r-- root:root /sys/class/hwmon/hwmon6/pwm2
-rw-r--r-- root:root /sys/class/hwmon/hwmon6/pwm3
-rw-r--r-- root:root /sys/class/hwmon/hwmon6/pwm4
-rw-r--r-- root:root /sys/class/hwmon/hwmon6/pwm5
-rw-r--r-- root:root /sys/class/hwmon/hwmon6/pwm6
-rw-r--r-- root:root /sys/class/hwmon/hwmon6/pwm7
-rw-r--r-- root:root /sys/class/hwmon/hwmon6/pwm8
-rw-r--r-- root:root /sys/class/hwmon/hwmon6/pwm9
lrwxrwxrwx root:root /sys/class/hwmon/hwmon6/subsystem
-rw-r--r-- root:root /sys/class/hwmon/hwmon6/uevent
PWM:
pwm1=255
pwm2=255
pwm3=255
pwm4=255
pwm5=255
pwm6=255
pwm7=255
pwm8=255
pwm9=255
pwm10=255
RPM:
fan10_input=0
fan1_input=3058
fan2_input=0
fan3_input=0
fan4_input=0
fan5_input=0
fan6_input=0
fan7_input=0
fan8_input=0
fan9_input=0
=== CoolerControl ===
● coolercontrold.service - CoolerControl Daemon
     Loaded: loaded (/etc/systemd/system/coolercontrold.service; enabled; preset: ignored)
    Drop-In: /nix/store/g8sd68sg8dh6fcppg5av79zzq5c0mawi-system-units/coolercontrold.service.d
             └─overrides.conf
     Active: active (running) since Fri 2026-09-04 14:17:20 EDT; 1min 8s ago
 Invocation: f1a90499f241423f9ec345c1c92c1dc2
   Main PID: 242930 (.coolercontrold)
         IP: 0B in, 0B out
         IO: 3.2M read, 8K written
      Tasks: 7 (limit: 154135)
     Memory: 39M (peak: 64M)
        CPU: 2.337s
     CGroup: /system.slice/coolercontrold.service
             └─242930 /nix/store/lr5zrsm1cr16ga0kgg8qak3bbb5cdfmx-coolercontrold-4.3.1/bin/coolercontrold

Sep 04 14:17:25 server .coolercontrold-wrapped[242930]: Applying all saved device settings
Sep 04 14:17:25 server .coolercontrold-wrapped[242930]: Writing a new Alerts configuration file
Sep 04 14:17:25 server .coolercontrold-wrapped[242930]: stress-ng is not installed. Install it for additional stress test backends.
Sep 04 14:17:25 server .coolercontrold-wrapped[242930]: Generating self-signed TLS certificate...
Sep 04 14:17:25 server .coolercontrold-wrapped[242930]: Generated self-signed TLS certificate: /etc/coolercontrol/coolercontrol.crt
Sep 04 14:17:25 server .coolercontrold-wrapped[242930]: Generated TLS private key: /etc/coolercontrol/coolercontrol.key
Sep 04 14:17:25 server .coolercontrold-wrapped[242930]: Serving HTTP and HTTPS API on 127.0.0.1:11987
Sep 04 14:17:25 server .coolercontrold-wrapped[242930]: Initialization Complete
Sep 04 14:17:25 server .coolercontrold-wrapped[242930]: DBUS sleep listener connected.
Sep 04 14:17:25 server .coolercontrold-wrapped[242930]: Serving HTTP and HTTPS API on [::1]:11987
enabled
# /etc/systemd/system/coolercontrold.service -> /nix/store/lr5zrsm1cr16ga0kgg8qak3bbb5cdfmx-coolercontrold-4.3.1/lib/systemd/system/coolercontrold.service
[Unit]
Description=CoolerControl Daemon
After=network.target
StartLimitIntervalSec=60
StartLimitBurst=10

[Service]
Type=simple
Environment="CC_LOG=INFO"
ExecStart=/nix/store/lr5zrsm1cr16ga0kgg8qak3bbb5cdfmx-coolercontrold-4.3.1/bin/coolercontrold
Restart=always
RestartSec=1
TimeoutStopSec=10

[Install]
WantedBy=multi-user.target

# /nix/store/g8sd68sg8dh6fcppg5av79zzq5c0mawi-system-units/coolercontrold.service.d/overrides.conf -> /nix/store/wahqpcaxiy4i8vyxnsf21vwk73za2wdk-unit-coolercontrold.service/coolercontrold.service
[Unit]
After=arctic-fan-safe-high.service
Requires=arctic-fan-safe-high.service

[Service]
Environment="LOCALE_ARCHIVE=/nix/store/dkij3qk5h8rwzysr42w02knfl95vz8q8-glibc-locales-2.42-67/lib/locale/locale-archive"
Environment="PATH=/nix/store/sr26flm2nkfa12dkrwj2630kqsfakky4-coreutils-9.11/bin:/nix/store/zjwih3d9rrrw4ixll52wsy0538p7vdfd-findutils-4.10.0/bin:/nix/store/w8xlvapzxcz23ba312q119p57bnc7200-gnugrep-3.12/bin:/nix/store/0hamsiy8hsyfw1hmizbc3bf93ad7fa1v-gnused-4.9/bin:/nix/store/rd05syhv5v5999907a2n1r37sgi19vpd-systemd-260.2/bin:/nix/store/sr26flm2nkfa12dkrwj2630kqsfakky4-coreutils-9.11/sbin:/nix/store/zjwih3d9rrrw4ixll52wsy0538p7vdfd-findutils-4.10.0/sbin:/nix/store/w8xlvapzxcz23ba312q119p57bnc7200-gnugrep-3.12/sbin:/nix/store/0hamsiy8hsyfw1hmizbc3bf93ad7fa1v-gnused-4.9/sbin:/nix/store/rd05syhv5v5999907a2n1r37sgi19vpd-systemd-260.2/sbin"
Environment="TZDIR=/nix/store/ga3b95jkyvknam1nxl25r95nyk87ix25-tzdata-2026b/share/zoneinfo"
ExecStopPost=/nix/store/7cm24ayy1zaw66mhz66cay6rk84289w6-arctic-fans-100/bin/arctic-fans-100

[Install]
WantedBy=multi-user.target
Requires=arctic-fan-safe-high.service sysinit.target system.slice
After=systemd-journald.socket arctic-fan-safe-high.service system.slice network.target sysinit.target basic.target
ExecStopPost={ path=/nix/store/7cm24ayy1zaw66mhz66cay6rk84289w6-arctic-fans-100/bin/arctic-fans-100 ; argv[]=/nix/store/7cm24ayy1zaw66mhz66cay6rk84289w6-arctic-fans-100/bin/arctic-fans-100 ; ignore_errors=no ; start_time=[n/a] ; stop_time=[n/a] ; pid=0 ; code=(null) ; status=0/0 }
=== listeners ===
LISTEN 0      128                      127.0.0.1:11988      0.0.0.0:*   
LISTEN 0      128                      127.0.0.1:11987      0.0.0.0:*   
LISTEN 0      128                          [::1]:11987         [::]:*   
LISTEN 0      128                          [::1]:11988         [::]:*   
