=== CoolerControl API probes ===
--- /api/devices ---

HTTP=404
--- /api/1.0/devices ---

HTTP=404
--- /api/status ---

HTTP=404
--- /api/1.0/status ---

HTTP=404
--- /api/temperatures ---

HTTP=404
--- /api/1.0/temperatures ---

HTTP=404
--- / ---
<!--
  ~ CoolerControl - monitor and control your cooling and other devices
  ~ Copyright (c) 2021-2025  Guy Boldon and contributors
  ~
  ~ This program is free software: you can redistribute it and/or modify
  ~ it under the terms of the GNU General Public License as published by
  ~ the Free Software Foundation, either version 3 of the License, or
  ~ (at your option) any later version.
  ~
  ~ This program is distributed in the hope that it will be useful,
  ~ but WITHOUT ANY WARRANTY; without even the implied warranty of
  ~ MERCHANTABILITY or FITNESS FOR A PARTICULAR PURPOSE.  See the
  ~ GNU General Public License for more details.
  ~
  ~ You should have received a copy of the GNU General Public License
  ~ along with this program.  If not, see <https://www.gnu.org/licenses/>.
  -->

<!doctype html>
<html lang="en">
    <head>
      <script type="module" crossorigin src="/assets/polyfills-qrixsEbd.js"></script>

        <meta charset="UTF-8" />
        <link rel="icon" href="/icon/favicon.ico" />
        <meta name="viewport" content="width=device-width, initial-scale=1.0" />
        <title>CoolerControl</title>
      <script src="/assets/Reflect.js"></script>
      <script type="module" crossorigin src="/assets/index-Cd7IWo_N.js"></script>
      <link rel="modulepreload" crossorigin href="/assets/vue-i18n-DoWBmxRc.js">
      <link rel="stylesheet" crossorigin href="/assets/style-B5sbeNKl.css">
    </head>
    <body>
        <div id="app"></div>
    </body>
</html>

HTTP=200
=== installed CoolerControl paths ===
/nix/store/rh2p9m7lrcqpii0xz57vw5k5c3amyrb3-coolercontrol-4.3.1/bin/coolercontrol
/nix/store/lr5zrsm1cr16ga0kgg8qak3bbb5cdfmx-coolercontrold-4.3.1
/nix/store/rh2p9m7lrcqpii0xz57vw5k5c3amyrb3-coolercontrol-4.3.1
/nix/store/wahqpcaxiy4i8vyxnsf21vwk73za2wdk-unit-coolercontrold.service
