=== CoolerControl config paths ===
/etc/coolercontrol/config.toml
/etc/coolercontrol/calibrations.json
/etc/coolercontrol/modes.json
/etc/coolercontrol/alerts.json
/etc/coolercontrol/coolercontrol.crt
/etc/coolercontrol/coolercontrol.key
=== API auth strings ===
eturn e.integrity&&(t.integrity=e.integrity),e.referrerPolicy&&(t.referrerPolicy=e.referrerPolicy),e.crossOrigin===`use-credentials`?t.credentials=`include`:e.crossOrigin===`anonymous`?t.credentials=`omit`:t.credentials=`same-origin`,t}function n(e){if(e.ep)return;e.ep=!0;let n=t(e);fetch(e.href,n)}})();var Be
`Next`,previous:`Previous`,apply:`Apply`,defaults:`Defaults`,unmanaged:`Unmanaged`,readOnly:`Read-only`,rename:`Rename`,password:`Password`,currentPassword:`Current Password`,newPassword:`New Password`,confirmPassword:`Confirm Password`,passwordPrompt:`Enter a password`,passwordWeak:`Weak`,passwordMedium:`M
edium`,passwordStrong:`Strong`,savePassword:`Save Password`,editName:`Edit Name`,state:`State`,name:`Name`,message:`Message`,timestamp:`Timestamp`,overview:`Overview`,login:`Login`,logout:`Logout
pdate this Function`},error:{accessDenied:`Access Denied`,accessDeniedMessage:`Authentication failed. Please check your password and try again.`,connectionError:`CoolerControl Connection Error`,connectionToast:`Unable to connect to daemon`,connectionToastDetail:`Unable to connect to the daemon. Please ensur
40, X60, X31, X41, X51 or X61`,acceptLabel:`Yes, It's a legacy Kraken Device`,rejectLabel:`No, It's a EVGA CLC Device`},password:{title:`Enter Your Password`,newPasswordTitle:`Enter A New Password`,invalidPassword:`Invalid Password`,forgotPassword:`Forgot password?`,forgotPasswordHelpIntro:`Run this command
Copied:`Command copied to clipboard`,forgotPasswordReloadButton:`Reload UI`,continueButton:`Continue`,backButton:`Back`,passwordMismatch:`Passwords do not match`},notFound:{message:`Just like the perfect Linux 🐧 distro,
`,settingsDesc:`Configure UI preferences, daemon options, and system behavior.`,access:`Access`,accessDesc:`Manage your password and confirm your current access level.`,restartMenu:`Restart Menu`,restartMenuDesc:`Reload the UI or restart the system daemon when needed.`,collapseMenu:`Collapse Menu`,collapseM
`}},auth:{enterPassword:`Enter Your Password`,setNewPassword:`Enter A New Password`,changeDefaultPassword:`Please set a password to prevent unauthorized access. This is separate from your system account.`,loginFailed:`Login Failed`,invalidPassword:`Invalid Password`,passwordSetFailed:`Set Password Failed`,p
asswordSetSuccessfully:`New password set successfully`,logoutSuccessful:`You have successfully logged out.`,unauthorizedAction:`You need to be logged in to complete this action`,accessTokens:`Access Tokens`,tokenLabe
l:`Label (e.g. cctv)`,tokenExpiry:`Expiry Date (optional)`,createToken:`Create Token`,tokenCreated:`Token Created`,tokenCreatedDetail:`Copy this token now. It will not be shown again.`,tokenCopied:`Token copied to clipboard`,tokenDeleted:`Token deleted`,tokenCreateError:`Failed to create token`,toke
nDeleteError:`Failed to delete token`,tokenLoadError:`Failed to load tokens`,tokenDeleteConfirm:`Are you sure you want to delete this token? Any services using it will lose access.`,tokenDeleteHeader:`Delete Token`,noTokens:`No access tokens created yet.`,expire
ed`,created:`Created`,label:`Label`,actions:`Actions`,writeAccess:`Write Access`,writeAccessTooltip:`When enabled, this token can make changes. When disabled, the token can only read data.`},daemon:{status:{ok:`Ok`,hasWarnings:`Has Warnings`,hasErrors:`Has Errors`}},device_store:{unauthorized:{summary:`S
ate_limited:{summary:`Login Temporarily Blocked`}},logout:{summary:`Logout`,detail:`You have successfully logged out.`},password:{set_success:{summary:`Password`,detail:`New password set successfully`},set_failed:{summary:`Set Password Failed`}},asetek:{header:`Unknown Device Detected`,success:{summary:`Suc
`,clear:`清除`,finish:`完成`,next:`下一步`,previous:`上一步`,apply:`应用`,defaults:`默认值`,unmanaged:`未管理`,readOnly:`只读`,rename:`重命名`,password:`密码`,currentPassword:`当前密码`,newPassword:`新密码`,confirmPassword:`确认密码`,passwordPrompt:`输入密码`,passwordWeak:`弱`,passwordMedium:`中`,passwordStrong:`强`,savePassword:`保存密码`,editName:`编辑名
modelList:`NZXT Kraken X40, X60, X31, X41, X51 或 X61`,acceptLabel:`是的，这是一个传统的Kraken设备`,rejectLabel:`不是，这是一个EVGA CLC设备`},password:{title:`输入您的密码`,newPasswordTitle:`输入新密码`,invalidPassword:`密码无效`,forgotPassword:`忘记密码？`,forgotPasswordHelpIntro:`以 root 身份在终端中运行此命令，然后点击重新加载 UI：`,forgotPasswordCopyCommand:`复制命令`,f
orgotPasswordCommandCopied:`命令已复制到剪贴板`,forgotPasswordReloadButton:`重新加载 UI`,continueButton:`继续`,backButton:`返回`,passwordMismatch:`密码不匹配`},notFound:{message:`就像完美的Linux系统一样，
setNewPassword:`请输入新密码`,changeDefaultPassword:`请设置密码以防止未经授权的访问。此密码与您的系统账户分开。`,loginFailed:`登录失败`,invalidPassword:`密码无效`,passwordSetFailed:`设置密码失败`,passwordSetSuccessfully:`新密码设置成功`,logoutSuccessful:`您已成功退出登录`,unauthorizedAction:`您需要登录才能完成此操作`,accessTokens:`访问令牌`,tokenLabel:`标签（例如：cctv）`,tokenExpiry:`过期日期（可选
）`,createToken:`创建令牌`,tokenCreated:`令牌已创建`,tokenCreatedDetail:`请立即复制此令牌，它将不会再次显示。`,tokenCopied:`令牌已复制到剪贴板`,tokenDeleted:`令牌已删除`,tokenCreateError:`创建令牌失败`,tokenDeleteError:`删除令牌失败`,tokenLoadError:`加载令牌失败`,tokenDeleteConfirm:`确定要删除此令牌吗？使用该令牌的所有服务将失去访问权限。`,tokenDeleteHeader:`删除令牌`,noTokens:`尚未创
功。`},failed:{summary:`登录失败`,detail:`密码无效`},rate_limited:{summary:`登录暂时被阻止`}},logout:{summary:`退出登录`,detail:`您已成功退出登录。`},password:{set_success:{summary:`密码`,detail:`新密码设置成功`},set_failed:{summary:`设置密码失败`}},asetek:{header:`检测到未知设备`,success:{summary:`成功`,detail_legacy:`设备型号类型设置成功。正在重启。`,detail_evga:`设备型号类型设置成功
`,clear:`清除`,finish:`完成`,next:`下一步`,previous:`上一步`,apply:`應用`,defaults:`預設值`,unmanaged:`未管理`,readOnly:`唯讀`,rename:`重命名`,password:`密碼`,currentPassword:`目前密碼`,newPassword:`新密碼`,confirmPassword:`確認密碼`,passwordPrompt:`輸入密碼`,passwordWeak:`弱`,passwordMedium:`中`,passwordStrong:`強`,savePassword:`儲存密碼`,editName:`編輯名
modelList:`NZXT Kraken X40, X60, X31, X41, X51 或 X61`,acceptLabel:`是的，這是一個傳統的Kraken設備`,rejectLabel:`不是，這是一個EVGA CLC設備`},password:{title:`輸入您的密碼`,newPasswordTitle:`輸入新密碼`,invalidPassword:`密碼無效`,forgotPassword:`忘記密碼？`,forgotPasswordHelpIntro:`以 root 身分在終端機中執行此命令，然後點擊重新載入 UI：`,forgotPasswordCopyCommand:`複製命令`,
forgotPasswordCommandCopied:`命令已複製到剪貼簿`,forgotPasswordReloadButton:`重新載入 UI`,continueButton:`繼續`,backButton:`返回`,passwordMismatch:`密碼不匹配`},notFound:{message:`就像完美的Linux系統一樣，
setNewPassword:`請輸入新密碼`,changeDefaultPassword:`請設定密碼以防止未經授權的存取。此密碼與您的系統帳戶分開。`,loginFailed:`登入失敗`,invalidPassword:`無效密碼`,passwordSetFailed:`設置密碼失敗`,passwordSetSuccessfully:`新密碼設置成功`,logoutSuccessful:`您已成功登出`,unauthorizedAction:`您需要登入才能完成此操作`,accessTokens:`存取權杖`,tokenLabel:`標籤（例如：cctv）`,tokenExpiry:`到期日期（選填）`
,createToken:`建立權杖`,tokenCreated:`權杖已建立`,tokenCreatedDetail:`請立即複製此權杖，它將不會再次顯示。`,tokenCopied:`權杖已複製到剪貼簿`,tokenDeleted:`權杖已刪除`,tokenCreateError:`建立權杖失敗`,tokenDeleteError:`刪除權杖失敗`,tokenLoadError:`載入權杖失敗`,tokenDeleteConfirm:`確定要刪除此權杖嗎？使用該權杖的所有服務將失去存取權限。`,tokenDeleteHeader:`刪除權杖`,noTokens:`尚未建
功。`},failed:{summary:`登錄失敗`,detail:`密碼無效`},rate_limited:{summary:`登錄暫時被阻止`}},logout:{summary:`退出登錄`,detail:`您已成功退出登錄。`},password:{set_success:{summary:`密碼`,detail:`新密碼設置成功`},set_failed:{summary:`設置密碼失敗`}},asetek:{header:`檢測到未知設備`,success:{summary:`成功`,detail_legacy:`設備型號類型設置成功。正在重啟。`,detail_evga:`設備型號類型設置成功
r:`クリア`,finish:`完了`,next:`次へ`,previous:`前へ`,apply:`適用`,defaults:`デフォルト`,unmanaged:`未管理`,readOnly:`読み取り専用`,rename:`名前変更`,password:`パスワード`,currentPassword:`現在のパスワード`,newPassword:`新しいパスワード`,confirmPassword:`パスワードの確認`,passwordPrompt:`パスワードを入力`,passwordWeak:`弱い`,passwordMedium:`普通`,passwordStrong:`強い`,savePasswo
lList:`NZXT Kraken X40、X60、X31、X41、X51または X61`,acceptLabel:`はい、これは従来のKrakenデバイスです`,rejectLabel:`いいえ、これはEVGA CLCデバイスです`},password:{title:`パスワードを入力してください`,newPasswordTitle:`新しいパスワードを入力してください`,invalidPassword:`無効なパスワード`,forgotPassword:`パスワードをお忘れですか？`,forgotPasswordHelpIntro:`このコマンドを root としてターミナルで実行し、「UI を再読み込
PasswordCommandCopied:`コマンドをクリップボードにコピーしました`,forgotPasswordReloadButton:`UI を再読み込み`,continueButton:`続行`,backButton:`戻る`,passwordMismatch:`パスワードが一致しません`},notFound:{message:`完璧なLinux 🐧 ディストリビューションのように、
hangeDefaultPassword:`不正アクセスを防ぐためにパスワードを設定してください。これはシステムアカウントとは別のものです。`,loginFailed:`ログイン失敗`,invalidPassword:`無効なパスワード`,passwordSetFailed:`パスワード設定に失敗しました`,passwordSetSuccessfully:`新しいパスワードが正常に設定されました`,logoutSuccessful:`ログアウトに成功しました。`,unauthorizedAction:`この操作を完了するにはログインする必要があります`,accessTokens:`アクセストークン`,toke
nLabel:`ラベル（例：cctv）`,tokenExpiry:`有効期限（任意）`,createToken:`トークンを作成`,tokenCreated:`トークンが作成されました`,tokenCreatedDetail:`このトークンを今すぐコピーしてください。再度表示されません。`,tokenCopied:`トークンをクリップボードにコピーしました`,tokenDeleted:`トークンが削除されました`,tokenCreateError:`トークンの作成に失敗しました`,tokenDeleteError:`トークンの削除に失敗しました`,to
kenLoadError:`トークンの読み込みに失敗しました`,tokenDeleteConfirm:`このトークンを削除してもよろしいですか？使用中のサービスはアクセスできなくなります。`,tokenDeleteHeader:`トークンを削除`,noTokens:`アクセストークンはまだ作成されていません。`,expires:`有効期限`,expired:`期限切れ`,active:`有効`,never:`なし`,lastUsed:`最終使用`,neverUsed:`未使用`,created:`作成日`,label:`ラベル`,actions:`操作`,
グイン失敗`,detail:`無効なパスワード`},rate_limited:{summary:`ログインが一時的にブロックされています`}},logout:{summary:`ログアウト`,detail:`正常にログアウトしました。`},password:{set_success:{summary:`パスワード`,detail:`新しいパスワードが正常に設定されました`},set_failed:{summary:`パスワード設定失敗`}},asetek:{header:`不明なデバイスが検出されました`,success:{summary:`成功`,detail_legacy:`デバイスモデルタイプが正常に設
д`,apply:`Применить`,defaults:`По умолчанию`,unmanaged:`Без управления`,readOnly:`Только чтение`,rename:`Переименовать`,password:`Пароль`,currentPassword:`Текущий пароль`,newPassword:`Новый пароль`,confirmPassword:`Подтвердите пароль`,passwordPrompt:`Введите пароль`,passwordWeak:`Слабый`,passwordMedium:`Сре
дний`,passwordStrong:`Сильный`,savePassword:`Сохранить пароль`,editName:`Изменить имя`,state:`Состояние`,name:`Имя`,message:`Сообщение`,timestamp:`Время`,overview:`Обзор`,login:`Вход`,logout:`Вы
, X31, X41, X51 или X61`,acceptLabel:`Да, это устаревшее устройство Kraken`,rejectLabel:`Нет, это устройство EVGA CLC`},password:{title:`Введите свой пароль`,newPasswordTitle:`Введите новый пароль`,invalidPassword:`Неверный пароль`,forgotPassword:`Забыли пароль?`,forgotPasswordHelpIntro:`Выполните эту коман
копирована в буфер обмена`,forgotPasswordReloadButton:`Перезагрузить UI`,continueButton:`Продолжить`,backButton:`Назад`,passwordMismatch:`Пароли не совпадают`},notFound:{message:`Как и идеальный Linux 🐧 дистрибутив,
 доступа. Он не связан с вашей системной учётной записью.`,loginFailed:`Ошибка входа`,invalidPassword:`Неверный пароль`,passwordSetFailed:`Ошибка установки пароля`,passwordSetSuccessfully:`Новый пароль успешно установлен`,logoutSuccessful:`Вы успешно вышли из системы.`,unauthorizedAction:`Вам необходимо вой
ти в систему для выполнения этого действия`,accessTokens:`Токены доступа`,tokenLabel:`Метка (напр. cctv)`,tokenExpiry:`Срок действия (необязательно)`,createToken:`Создать токен`,tokenCreated:`Токен создан`,tokenCreatedDetail:`Скопируйте этот токен сейчас. Он больше не будет показан.`,tokenC
opied:`Токен скопирован в буфер обмена`,tokenDeleted:`Токен удалён`,tokenCreateError:`Не удалось создать токен`,tokenDeleteError:`Не удалось удалить токен`,tokenLoadError:`Не удалось загрузить токены`,tokenDeleteConfirm:`Вы уверены, что хотите удалить этот токен? Все сервисы, использующие его, по
теряют доступ.`,tokenDeleteHeader:`Удалить токен`,noTokens:`Токены доступа ещё не созданы.`,expires:`Истекает`,expired:`Истёк`,active:`Активен`,never:`Никогда`,lastUsed:`Последнее использование`,neverU
ь`},rate_limited:{summary:`Вход временно заблокирован`}},logout:{summary:`Выход`,detail:`Вы успешно вышли из системы.`},password:{set_success:{summary:`Пароль`,detail:`Новый пароль успешно установлен`},set_failed:{summary:`Ошибка установки пароля`}},asetek:{header:`Обнаружено неизвестное устройство`,success
rück`,apply:`Anwenden`,defaults:`Standardwerte`,unmanaged:`Ungesteuert`,readOnly:`Schreibgeschützt`,rename:`Umbenennen`,password:`Passwort`,currentPassword:`Aktuelles Passwort`,newPassword:`Neues Passwort`,confirmPassword:`Passwort bestätigen`,passwordPrompt:`Passwort eingeben`,passwordWeak:`Schwach`,passwo
rdMedium:`Mittel`,passwordStrong:`Stark`,savePassword:`Passwort speichern`,editName:`Namen bearbeiten`,state:`Status`,name:`Name`,message:`Nachricht`,timestamp:`Zeitstempel`,overview:`Übersicht`,login:`Anme
angewendet`}},layout:{topbar:{login:`Anmelden`,logout:`Abmelden`,changePassword:`Passwort ändern`,accessTokens:`Zugriffstoken`,restartUI:`UI neustarten`,restartDaemonAndUI:`Daemon und UI neustarten`,restartConfirmMessage:`Sind Sie sicher, dass Sie den Daemon und die UI neustarten möchten?`,restartConfirm
X31, X41, X51 oder X61`,acceptLabel:`Ja, es ist ein Legacy-Kraken-Gerät`,rejectLabel:`Nein, es ist ein EVGA CLC-Gerät`},password:{title:`Geben Sie Ihr Passwort ein`,newPasswordTitle:`Geben Sie ein neues Passwort ein`,invalidPassword:`Ungültiges Passwort`,forgotPassword:`Passwort vergessen?`,forgotPasswordHe
hl in die Zwischenablage kopiert`,forgotPasswordReloadButton:`UI neu laden`,continueButton:`Weiter`,backButton:`Zurück`,passwordMismatch:`Passwörter stimmen nicht überein`},notFound:{message:`Genau wie die perfekte Linux 🐧 Distribution
ieses ist von Ihrem Systemkonto getrennt.`,loginFailed:`Anmeldung fehlgeschlagen`,invalidPassword:`Ungültiges Passwort`,passwordSetFailed:`Passwort setzen fehlgeschlagen`,passwordSetSuccessfully:`Neues Passwort erfolgreich gesetzt`,logoutSuccessful:`Sie haben sich erfolgreich abgemeldet.`,unauthorizedAction
:`Sie müssen angemeldet sein, um diese Aktion abzuschließen`,accessTokens:`Zugriffstoken`,tokenLabel:`Bezeichnung (z.B. cctv)`,tokenExpiry:`Ablaufdatum (optional)`,createToken:`Token erstellen`,tokenCreated:`Token erstellt`,tokenCreatedDetail:`Kopieren Sie diesen Token jetzt
. Er wird nicht erneut angezeigt.`,tokenCopied:`Token in Zwischenablage kopiert`,tokenDeleted:`Token gelöscht`,tokenCreateError:`Token konnte nicht erstellt werden`,tokenDeleteError:`Token konnte nicht gelöscht werden`,tokenLoadError:`Tokens konnten nicht geladen werden`,tokenDeleteConfirm:`Möch
ten Sie diesen Token wirklich löschen? Alle Dienste, die ihn verwenden, verlieren den Zugriff.`,tokenDeleteHeader:`Token löschen`,noTokens:`Noch keine Zugriffstoken erstellt.`,expires:`Läuft ab`,expired:`Abgelaufen`,active:`Aktiv`,never:`Nie`,lastUsed:`Zuletzt verwendet`,neverUsed
mmary:`Anmeldung vorübergehend gesperrt`}},logout:{summary:`Abmeldung`,detail:`Sie haben sich erfolgreich abgemeldet.`},password:{set_success:{summary:`Passwort`,detail:`Neues Passwort erfolgreich gesetzt`},set_failed:{summary:`Passwort setzen fehlgeschlagen`}},asetek:{header:`Unbekanntes Gerät erkannt`,suc
ous:`Précédent`,apply:`Appliquer`,defaults:`Par défaut`,unmanaged:`Non géré`,readOnly:`Lecture seule`,rename:`Renommer`,password:`Mot de passe`,currentPassword:`Mot de passe actuel`,newPassword:`Nouveau mot de passe`,confirmPassword:`Confirmer le mot de passe`,passwordPrompt:`Entrez un mot de passe`,passwor
dWeak:`Faible`,passwordMedium:`Moyen`,passwordStrong:`Fort`,savePassword:`Enregistrer le mot de passe`,editName:`Modifier le nom`,state:`État`,name:`Nom`,message:`Message`,timestamp:`Horodatage`,overview:`Aperçu`,login:`Connex
X31, X41, X51 ou X61`,acceptLabel:`Oui, c'est un appareil Kraken ancien`,rejectLabel:`Non, c'est un appareil EVGA CLC`},password:{title:`Entrez Votre Mot de Passe`,newPasswordTitle:`Entrez Un Nouveau Mot de Passe`,invalidPassword:`Mot de Passe Invalide`,forgotPassword:`Mot de passe oublié ?`,forgotPasswordH
piée dans le presse-papiers`,forgotPasswordReloadButton:`Recharger l'UI`,continueButton:`Continuer`,backButton:`Retour`,passwordMismatch:`Les mots de passe ne correspondent pas`},notFound:{message:`Tout comme la distribution Linux 🐧 parfaite,
elui-ci est distinct de votre compte système.`,loginFailed:`Échec de Connexion`,invalidPassword:`Mot de Passe Invalide`,passwordSetFailed:`Échec de Définition du Mot de Passe`,passwordSetSuccessfully:`Nouveau mot de passe défini avec succès`,logoutSuccessful:`Vous vous êtes déconnecté avec succès.`,unauthor
izedAction:`Vous devez être connecté pour effectuer cette action`,accessTokens:`Jetons d'accès`,tokenLabel:`Libellé (ex. cctv)`,tokenExpiry:`Date d'expiration (facultatif)`,createToken:`Créer un jeton`,tokenCreated:`Jeton créé`,tokenCreatedDetail:`Copiez ce jeton maintenant. Il ne
 sera plus affiché.`,tokenCopied:`Jeton copié dans le presse-papiers`,tokenDeleted:`Jeton supprimé`,tokenCreateError:`Échec de la création du jeton`,tokenDeleteError:`Échec de la suppression du jeton`,tokenLoadError:`Échec du chargement des jetons`,tokenDeleteConfirm:`Êtes-vous sûr de
 vouloir supprimer ce jeton ? Les services qui l'utilisent perdront l'accès.`,tokenDeleteHeader:`Supprimer le jeton`,noTokens:`Aucun jeton d'accès créé pour le moment.`,expires:`Expire`,expired:`Expiré`,active:`Actif`,never:`Jamais`,lastUsed:`Dernière utilisation
ary:`Connexion Temporairement Bloquée`}},logout:{summary:`Déconnexion`,detail:`Vous vous êtes déconnecté avec succès.`},password:{set_success:{summary:`Mot de Passe`,detail:`Nouveau mot de passe défini avec succès`},set_failed:{summary:`Échec de Définition du Mot de Passe`}},asetek:{header:`Appareil Inconnu
Anterior`,apply:`Aplicar`,defaults:`Predeterminados`,unmanaged:`Sin gestión`,readOnly:`Solo lectura`,rename:`Renombrar`,password:`Contraseña`,currentPassword:`Contraseña actual`,newPassword:`Nueva contraseña`,confirmPassword:`Confirmar contraseña`,passwordPrompt:`Ingrese una contraseña`,passwordWeak:`Débil`
,passwordMedium:`Medio`,passwordStrong:`Fuerte`,savePassword:`Guardar contraseña`,editName:`Editar nombre`,state:`Estado`,name:`Nombre`,message:`Mensaje`,timestamp:`Marca de tiempo`,overview:`Resumen`,login:`Inic
, X31, X41, X51 o X61`,acceptLabel:`Sí, es un dispositivo Kraken antiguo`,rejectLabel:`No, es un dispositivo EVGA CLC`},password:{title:`Introduzca Su Contraseña`,newPasswordTitle:`Introduzca Una Nueva Contraseña`,invalidPassword:`Contraseña Inválida`,forgotPassword:`¿Olvidó su contraseña?`,forgotPasswordHe
Comando copiado al portapapeles`,forgotPasswordReloadButton:`Recargar UI`,continueButton:`Continuar`,backButton:`Atrás`,passwordMismatch:`Las contraseñas no coinciden`},notFound:{message:`Al igual que la distribución perfecta de Linux 🐧,
s independiente de su cuenta del sistema.`,loginFailed:`Inicio de Sesión Fallido`,invalidPassword:`Contraseña Inválida`,passwordSetFailed:`Establecer Contraseña Falló`,passwordSetSuccessfully:`Nueva contraseña establecida correctamente`,logoutSuccessful:`Ha cerrado sesión correctamente.`,unauthorizedAction:
`Necesita iniciar sesión para completar esta acción`,accessTokens:`Tokens de acceso`,tokenLabel:`Etiqueta (ej. cctv)`,tokenExpiry:`Fecha de expiración (opcional)`,createToken:`Crear token`,tokenCreated:`Token creado`,tokenCreatedDetail:`Copie este token ahora. No se mostrará de nuevo.`,tokenCopied:`Tok
en copiado al portapapeles`,tokenDeleted:`Token eliminado`,tokenCreateError:`Error al crear el token`,tokenDeleteError:`Error al eliminar el token`,tokenLoadError:`Error al cargar los tokens`,tokenDeleteConfirm:`¿Está seguro de que desea eliminar este token? Los servicios que lo usen pe
rderán el acceso.`,tokenDeleteHeader:`Eliminar token`,noTokens:`Aún no se han creado tokens de acceso.`,expires:`Expira`,expired:`Expirado`,active:`Activo`,never:`Nunca`,lastUsed:`Último uso`,neverUsed:`Nunca usado`,created:`Creado`,label:`Etiqueta`,actions:`Acciones`,w
riteAccess:`Acceso de escritura`,writeAccessTooltip:`Cuando está activado, este token puede realizar cambios. Cuando está desactivado, el token solo puede leer datos.`},daemon:{status:{ok:`Ok`,hasWarnings:`Tiene Advertencias`,hasErrors:`Tiene Errores`}},device_stor
icio de Sesión Temporalmente Bloqueado`}},logout:{summary:`Cierre de Sesión`,detail:`Ha cerrado sesión correctamente.`},password:{set_success:{summary:`Contraseña`,detail:`Nueva contraseña establecida correctamente`},set_failed:{summary:`Establecer Contraseña Falló`}},asetek:{header:`Dispositivo Desconocido
,previous:`السابق`,apply:`تطبيق`,defaults:`الافتراضي`,unmanaged:`غير مُدار`,readOnly:`للقراءة فقط`,rename:`إعادة تسمية`,password:`كلمة المرور`,currentPassword:`كلمة المرور الحالية`,newPassword:`كلمة المرور الجديدة`,confirmPassword:`تأكيد كلمة المرور`,passwordPrompt:`أدخل كلمة المرور`,passwordWeak:`ضعيفة`,pa
sswordMedium:`متوسطة`,passwordStrong:`قوية`,savePassword:`حفظ كلمة المرور`,editName:`تعديل الاسم`,state:`الحالة`,name:`الاسم`,message:`رسالة`,timestamp:`الطابع الزمني`,overview:`نظرة عامة`,login:`تسجيل الدخول`,
T Kraken X40, X60, X31, X41, X51 أو X61`,acceptLabel:`نعم، إنه جهاز Kraken القديم`,rejectLabel:`لا، إنه جهاز EVGA CLC`},password:{title:`أدخل كلمة المرور الخاصة بك`,newPasswordTitle:`أدخل كلمة مرور جديدة`,invalidPassword:`كلمة مرور غير صالحة`,forgotPassword:`هل نسيت كلمة المرور؟`,forgotPasswordHelpIntro:`قم
سخ الأمر إلى الحافظة`,forgotPasswordReloadButton:`إعادة تحميل واجهة المستخدم`,continueButton:`متابعة`,backButton:`رجوع`,passwordMismatch:`كلمات المرور غير متطابقة`},notFound:{message:`تمامًا مثل التوزيعة المثالية لـ Linux 🐧،
ير المصرح به. هذه منفصلة عن حساب النظام الخاص بك.`,loginFailed:`فشل تسجيل الدخول`,invalidPassword:`كلمة مرور غير صالحة`,passwordSetFailed:`فشل تعيين كلمة المرور`,passwordSetSuccessfully:`تم تعيين كلمة المرور الجديدة بنجاح`,logoutSuccessful:`لقد قمت بتسجيل الخروج بنجاح.`,unauthorizedAction:`تحتاج إلى تسجيل ا
لدخول لإكمال هذا الإجراء`,accessTokens:`رموز الوصول`,tokenLabel:`التسمية (مثال: cctv)`,tokenExpiry:`تاريخ الانتهاء (اختياري)`,createToken:`إنشاء رمز`,tokenCreated:`تم إنشاء الرمز`,tokenCreatedDetail:`انسخ هذا الرمز الآن. لن يتم عرضه مرة أخرى.`,tokenCopied:`تم نسخ الرمز إل
ى الحافظة`,tokenDeleted:`تم حذف الرمز`,tokenCreateError:`فشل في إنشاء الرمز`,tokenDeleteError:`فشل في حذف الرمز`,tokenLoadError:`فشل في تحميل الرموز`,tokenDeleteConfirm:`هل أنت متأكد أنك تريد حذف هذا الرمز؟ ستفقد جميع الخدمات التي تستخدمه الوصول.`,tokenDeleteHeader:`حذف الرمز`,noTokens:`لم يتم إنش
te_limited:{summary:`تسجيل الدخول محظور مؤقتًا`}},logout:{summary:`تسجيل الخروج`,detail:`لقد قمت بتسجيل الخروج بنجاح.`},password:{set_success:{summary:`كلمة المرور`,detail:`تم تعيين كلمة المرور الجديدة بنجاح`},set_failed:{summary:`فشل تعيين كلمة المرور`}},asetek:{header:`تم اكتشاف جهاز غير معروف`,success:{s
s:`Anterior`,apply:`Aplicar`,defaults:`Padrões`,unmanaged:`Não gerenciado`,readOnly:`Somente leitura`,rename:`Renomear`,password:`Senha`,currentPassword:`Senha atual`,newPassword:`Nova senha`,confirmPassword:`Confirmar senha`,passwordPrompt:`Digite uma senha`,passwordWeak:`Fraca`,passwordMedium:`Média`,pass
, X31, X41, X51 ou X61`,acceptLabel:`Sim, é um dispositivo Kraken antigo`,rejectLabel:`Não, é um dispositivo EVGA CLC`},password:{title:`Insira Sua Senha`,newPasswordTitle:`Insira Uma Nova Senha`,invalidPassword:`Senha Inválida`,forgotPassword:`Esqueceu sua senha?`,forgotPasswordHelpIntro:`Execute este coma
para a área de transferência`,forgotPasswordReloadButton:`Recarregar UI`,continueButton:`Continuar`,backButton:`Voltar`,passwordMismatch:`As senhas não coincidem`},notFound:{message:`Assim como a distribuição Linux perfeita 🐧,
não autorizado. Esta é separada da sua conta do sistema.`,loginFailed:`Falha no Login`,invalidPassword:`Senha Inválida`,passwordSetFailed:`Falha ao Definir Senha`,passwordSetSuccessfully:`Nova senha definida com sucesso`,logoutSuccessful:`Você saiu com sucesso.`,unauthorizedAction:`Você precisa fazer login 
para completar esta ação`,accessTokens:`Tokens de acesso`,tokenLabel:`Rótulo (ex. cctv)`,tokenExpiry:`Data de expiração (opcional)`,createToken:`Criar token`,tokenCreated:`Token criado`,tokenCreatedDetail:`Copie este token agora. Ele não será exibido novamente.`,tokenCopied
:`Token copiado para a área de transferência`,tokenDeleted:`Token excluído`,tokenCreateError:`Falha ao criar token`,tokenDeleteError:`Falha ao excluir token`,tokenLoadError:`Falha ao carregar tokens`,tokenDeleteConfirm:`Tem certeza de que deseja excluir este token? Os serviços que o utilizam perderão
 o acesso.`,tokenDeleteHeader:`Excluir token`,noTokens:`Nenhum token de acesso criado ainda.`,expires:`Expira`,expired:`Expirado`,active:`Ativo`,never:`Nunca`,lastUsed:`Último uso`,neverUsed:`Nunca usado`,created:`Criado`,label:`Rótulo`,actions:`Aç
ões`,writeAccess:`Acesso de escrita`,writeAccessTooltip:`Quando ativado, este token pode fazer alterações. Quando desativado, o token pode apenas ler dados.`},device_store:{unauthorized:{summary:`Sessão expirada`,detail:`Sua sessão expirou. Recarregando para faze
a`},rate_limited:{summary:`Login Temporariamente Bloqueado`}},logout:{summary:`Logout`,detail:`Você saiu com sucesso.`},password:{set_success:{summary:`Senha`,detail:`Nova senha definida com sucesso`},set_failed:{summary:`Falha ao Definir Senha`}},asetek:{header:`Dispositivo Desconhecido Detectado`,success:
ious:`पिछला`,apply:`लागू करें`,defaults:`डिफ़ॉल्ट`,unmanaged:`अप्रबंधित`,readOnly:`केवल पढ़ने योग्य`,rename:`नाम बदलें`,password:`पासवर्ड`,currentPassword:`वर्तमान पासवर्ड`,newPassword:`नया पासवर्ड`,confirmPassword:`पासवर्ड की पुष्टि करें`,passwordPrompt:`पासवर्ड दर्ज करें`,passwordWeak:`कमज़ोर`,passwordMed
ium:`मध्यम`,passwordStrong:`मज़बूत`,savePassword:`पासवर्ड सहेजें`,editName:`नाम संपादित करें`,state:`स्थिति`,name:`नाम`,message:`संदेश`,timestamp:`समय स्टैम्प`,overview:`अवलोकन`,login:`लॉगिन`,logout:`
, X31, X41, X51 या X61`,acceptLabel:`हां, यह एक लेगेसी क्राकेन डिवाइस है`,rejectLabel:`नहीं, यह एक EVGA CLC डिवाइस है`},password:{title:`अपना पासवर्ड दर्ज करें`,newPasswordTitle:`एक नया पासवर्ड दर्ज करें`,invalidPassword:`अमान्य पासवर्ड`,forgotPassword:`पासवर्ड भूल गए?`,forgotPasswordHelpIntro:`इस कमांड को 
ed:`कमांड क्लिपबोर्ड पर कॉपी हो गया`,forgotPasswordReloadButton:`UI रीलोड`,continueButton:`जारी रखें`,backButton:`वापस`,passwordMismatch:`पासवर्ड मेल नहीं खाते`},notFound:{message:`बिल्कुल परफेक्ट Linux 🐧 डिस्ट्रो की तरह,
ोकने के लिए पासवर्ड सेट करें। यह आपके सिस्टम खाते से अलग है।`,loginFailed:`लॉगिन विफल`,invalidPassword:`अमान्य पासवर्ड`,passwordSetFailed:`पासवर्ड सेट करना विफल`,passwordSetSuccessfully:`नया पासवर्ड सफलतापूर्वक सेट किया गया`,logoutSuccessful:`आप सफलतापूर्वक लॉग आउट हो गए हैं।`,unauthorizedAction:`इस कार्रवा
ई को पूरा करने के लिए आपको लॉग इन होना आवश्यक है`,accessTokens:`एक्सेस टोकन`,tokenLabel:`लेबल (उदा. cctv)`,tokenExpiry:`समाप्ति तिथि (वैकल्पिक)`,createToken:`टोकन बनाएं`,tokenCreated:`टोकन बनाया गया`,tokenCreatedDetail:`इस टोकन को अभी कॉपी करें। यह दोबारा नहीं दिखाया जाएगा।`,tokenCopied:`टोक
न क्लिपबोर्ड पर कॉपी किया गया`,tokenDeleted:`टोकन हटाया गया`,tokenCreateError:`टोकन बनाने में विफल`,tokenDeleteError:`टोकन हटाने में विफल`,tokenLoadError:`टोकन लोड करने में विफल`,tokenDeleteConfirm:`क्या आप वाकई इस टोकन को हटाना चाहते हैं? इसका उपयोग करने वाली सभी सेवाओं की पहुंच समाप
्त हो जाएगी।`,tokenDeleteHeader:`टोकन हटाएं`,noTokens:`अभी तक कोई एक्सेस टोकन नहीं बनाया गया।`,expires:`समाप्ति`,expired:`समाप्त`,active:`सक्रिय`,never:`कभी नहीं`,lastUsed:`अंतिम उपयोग`,neverUsed:`कभ
_limited:{summary:`लॉगिन अस्थायी रूप से अवरुद्ध`}},logout:{summary:`लॉगआउट`,detail:`आप सफलतापूर्वक लॉग आउट हो गए हैं।`},password:{set_success:{summary:`पासवर्ड`,detail:`नया पासवर्ड सफलतापूर्वक सेट किया गया`},set_failed:{summary:`पासवर्ड सेट करना विफल`}},asetek:{header:`अज्ञात डिवाइस का पता चला`,success:{sum
`지우기`,finish:`끝내기`,next:`다음`,previous:`이전`,apply:`적용`,defaults:`기본`,unmanaged:`관리 안 됨`,readOnly:`읽기 전용`,rename:`이름 바꾸기`,password:`비밀번호`,currentPassword:`현재 비밀번호`,newPassword:`새 비밀번호`,confirmPassword:`비밀번호 확인`,passwordPrompt:`비밀번호를 입력하세요`,passwordWeak:`약함`,passwordMedium:`보통`,passwordStrong:`강함`,savePassword
odelList:`NZXT Kraken X40, X60, X31, X41, X51, X61`,acceptLabel:`예, 구형 Kraken 장치입니다`,rejectLabel:`아니요, EVGA CLC 장치입니다`},password:{title:`비밀번호 입력`,newPasswordTitle:`새 비밀번호 입력`,invalidPassword:`잘못된 비밀번호`,forgotPassword:`비밀번호를 잊으셨나요?`,forgotPasswordHelpIntro:`터미널에서 root 권한으로 이 명령어를 실행한 후 UI 다시 로드를 클릭하세요:`,forg
gotPasswordCommandCopied:`명령어가 클립보드에 복사되었습니다`,forgotPasswordReloadButton:`UI 다시 로드`,continueButton:`계속`,backButton:`뒤로`,passwordMismatch:`비밀번호가 일치하지 않습니다`},notFound:{message:`완벽한 리눅스 🐧 배포판처럼,
angeDefaultPassword:`무단 접근을 방지하기 위해 비밀번호를 설정해 주세요. 이것은 시스템 계정과 별개입니다.`,loginFailed:`로그인 실패함`,invalidPassword:`잘못된 비밀번호`,passwordSetFailed:`비밀번호 설정 실패`,passwordSetSuccessfully:`새 비밀번호가 성공적으로 설정됨`,logoutSuccessful:`로그아웃에 성공했습니다.`,unauthorizedAction:`이 작업을 완료하려면 로그인해야 함`,accessTokens:`액세스 토큰`,tokenLabel:`레이블 (
