=== uname -r ===
6.18.38
=== lsusb -d 3904:f001 ===
Bus 001 Device 006: ID 3904:f001 ARCTIC (HK) ARCTIC Fan Controller
=== lsmod ===
amdgpu              16023552  1
amdxcp                 12288  1 amdgpu
drm_panel_backlight_quirks    12288  1 amdgpu
gpu_sched              69632  1 amdgpu
dell_smm_hwmon         28672  0
drm_buddy              32768  1 amdgpu
drm_exec               16384  1 amdgpu
drm_suballoc_helper    16384  1 amdgpu
drm_ttm_helper         20480  1 amdgpu
ttm                   126976  2 amdgpu,drm_ttm_helper
drm_display_helper    319488  1 amdgpu
cec                    81920  2 drm_display_helper,amdgpu
i2c_algo_bit           24576  1 amdgpu
video                  81920  2 dell_wmi,amdgpu
crc16                  12288  2 amdgpu,ext4
wmi                    36864  7 video,intel_wmi_thunderbolt,dell_wmi,wmi_bmof,dell_smm_hwmon,dell_smbios,dell_wmi_descriptor
=== modinfo arctic_fan_controller ===
modinfo: ERROR: Module arctic_fan_controller not found.
=== dmesg arctic/hid/hwmon ===
dmesg: read kernel buffer failed: Operation not permitted
=== hwmon names ===
/sys/class/hwmon/hwmon0: nvme
/sys/class/hwmon/hwmon1: nvme
/sys/class/hwmon/hwmon2: coretemp
/sys/class/hwmon/hwmon3: dell_smm
/sys/class/hwmon/hwmon4: amdgpu
/sys/class/hwmon/hwmon5: amdgpu
=== emergency arctic-fans-100 ===
sudo: a terminal is required to read the password; either use the -S option to read from standard input or configure an askpass helper
sudo: a password is required
=== arctic service status ===
× arctic-fan-safe-high.service - Set all ARCTIC Fan Controller channels to safe high
     Loaded: loaded (/etc/systemd/system/arctic-fan-safe-high.service; enabled; preset: ignored)
     Active: failed (Result: exit-code) since Fri 2026-09-04 14:09:22 EDT; 1min 42s ago
 Invocation: 0aad008404104c3d991c92857f8e5ff7
    Process: 213460 ExecStart=/nix/store/7cm24ayy1zaw66mhz66cay6rk84289w6-arctic-fans-100/bin/arctic-fans-100 (code=exited, status=1/FAILURE)
   Main PID: 213460 (code=exited, status=1/FAILURE)
         IP: 0B in, 0B out
         IO: 0B read, 0B written
   Mem peak: 3.2M
        CPU: 3.182s

Sep 04 14:08:19 server systemd[1]: Starting Set all ARCTIC Fan Controller channels to safe high...
Sep 04 14:09:22 server arctic-fans-100[213460]: ARCTIC Fan Controller hwmon device did not appear
Sep 04 14:09:22 server systemd[1]: arctic-fan-safe-high.service: Main process exited, code=exited, status=1/FAILURE
Sep 04 14:09:22 server systemd[1]: arctic-fan-safe-high.service: Failed with result 'exit-code'.
Sep 04 14:09:22 server systemd[1]: Failed to start Set all ARCTIC Fan Controller channels to safe high.
Sep 04 14:09:22 server systemd[1]: arctic-fan-safe-high.service: Consumed 3.182s CPU time over 1min 3.160s wall clock time, 3.2M memory peak.
=== arctic journal ===
Sep 04 14:08:19 server systemd[1]: Starting Set all ARCTIC Fan Controller channels to safe high...
Sep 04 14:09:22 server arctic-fans-100[213460]: ARCTIC Fan Controller hwmon device did not appear
Sep 04 14:09:22 server systemd[1]: arctic-fan-safe-high.service: Main process exited, code=exited, status=1/FAILURE
Sep 04 14:09:22 server systemd[1]: arctic-fan-safe-high.service: Failed with result 'exit-code'.
Sep 04 14:09:22 server systemd[1]: Failed to start Set all ARCTIC Fan Controller channels to safe high.
Sep 04 14:09:22 server systemd[1]: arctic-fan-safe-high.service: Consumed 3.182s CPU time over 1min 3.160s wall clock time, 3.2M memory peak.
