=== ARCTIC controller complete inspection ===
HWMON=/sys/class/hwmon/hwmon6
device:
/sys/devices/pci0000:00/0000:00:14.0/usb1/1-11/1-11:1.0/0003:3904:F001.0001
USB ancestry:
/devices/pci0000:00/0000:00:14.0/usb1/1-11
attributes:
permissions:
lrwxrwxrwx root:root /sys/class/hwmon/hwmon6/device
-r--r--r-- root:root /sys/class/hwmon/hwmon6/fan10_input
-r--r--r-- root:root /sys/class/hwmon/hwmon6/fan1_input
-r--r--r-- root:root /sys/class/hwmon/hwmon6/fan2_input
-r--r--r-- root:root /sys/class/hwmon/hwmon6/fan3_input
-r--r--r-- root:root /sys/class/hwmon/hwmon6/fan4_input
-r--r--r-- root:root /sys/class/hwmon/hwmon6/fan5_input
-r--r--r-- root:root /sys/class/hwmon/hwmon6/fan6_input
-r--r--r-- root:root /sys/class/hwmon/hwmon6/fan7_input
-r--r--r-- root:root /sys/class/hwmon/hwmon6/fan8_input
-r--r--r-- root:root /sys/class/hwmon/hwmon6/fan9_input
-r--r--r-- root:root /sys/class/hwmon/hwmon6/name
lrwxrwxrwx root:root /sys/class/hwmon/hwmon6/of_node
drwxr-xr-x root:root /sys/class/hwmon/hwmon6/power
-rw-r--r-- root:root /sys/class/hwmon/hwmon6/pwm1
-rw-r--r-- root:root /sys/class/hwmon/hwmon6/pwm10
-rw-r--r-- root:root /sys/class/hwmon/hwmon6/pwm2
-rw-r--r-- root:root /sys/class/hwmon/hwmon6/pwm3
-rw-r--r-- root:root /sys/class/hwmon/hwmon6/pwm4
-rw-r--r-- root:root /sys/class/hwmon/hwmon6/pwm5
-rw-r--r-- root:root /sys/class/hwmon/hwmon6/pwm6
-rw-r--r-- root:root /sys/class/hwmon/hwmon6/pwm7
-rw-r--r-- root:root /sys/class/hwmon/hwmon6/pwm8
-rw-r--r-- root:root /sys/class/hwmon/hwmon6/pwm9
lrwxrwxrwx root:root /sys/class/hwmon/hwmon6/subsystem
-rw-r--r-- root:root /sys/class/hwmon/hwmon6/uevent
RPM values:
fan10_input=0
fan1_input=3058
fan2_input=0
fan3_input=0
fan4_input=0
fan5_input=0
fan6_input=0
fan7_input=0
fan8_input=0
fan9_input=0
PWM values:
pwm1=255
pwm2=255
pwm3=255
pwm4=255
pwm5=255
pwm6=255
pwm7=255
pwm8=255
pwm9=255
pwm10=255
=== PCI GPUs ===
0000:17:00.0 PCI bridge [0604]: Advanced Micro Devices, Inc. [AMD] Vega 10 PCIe Bridge [1022:1470] (rev 06)
0000:18:00.0 PCI bridge [0604]: Advanced Micro Devices, Inc. [AMD] Vega 10 PCIe Bridge [1022:1471]
0000:19:00.0 Display controller [0380]: Advanced Micro Devices, Inc. [AMD/ATI] Vega 10 [Instinct MI25/MI25x2/V340/V320] [1002:6860] (rev 06)
0000:65:00.0 PCI bridge [0604]: Advanced Micro Devices, Inc. [AMD] Vega 10 PCIe Bridge [1022:1470] (rev 06)
0000:66:00.0 PCI bridge [0604]: Advanced Micro Devices, Inc. [AMD] Vega 10 PCIe Bridge [1022:1471]
0000:67:00.0 Display controller [0380]: Advanced Micro Devices, Inc. [AMD/ATI] Vega 10 [Instinct MI25/MI25x2/V340/V320] [1002:6860] (rev 06)
=== stable PCI hwmon paths ===
=== /sys/bus/pci/devices/0000:19:00.0 ===
/sys/bus/pci/drivers/amdgpu
hwmon=/sys/bus/pci/devices/0000:19:00.0/hwmon/hwmon4
amdgpu
temp1_label=edge
temp2_label=junction
temp3_label=mem
temp1_input=30000
temp2_input=31000
temp3_input=31000
power1_input=4000000
freq1_input=9000000
freq2_input=167000000
=== /sys/bus/pci/devices/0000:67:00.0 ===
/sys/bus/pci/drivers/amdgpu
hwmon=/sys/bus/pci/devices/0000:67:00.0/hwmon/hwmon5
amdgpu
temp1_label=edge
temp2_label=junction
temp3_label=mem
temp1_input=33000
temp2_input=34000
temp3_input=33000
power1_input=3000000
freq1_input=9000000
freq2_input=167000000
=== sensors ===
arctic_fan-hid-3-1
Adapter: HID adapter
fan1:        3058 RPM
fan2:           0 RPM
fan3:           0 RPM
fan4:           0 RPM
fan5:           0 RPM
fan6:           0 RPM
fan7:           0 RPM
fan8:           0 RPM
fan9:           0 RPM
fan10:          0 RPM
pwm1:            128%
pwm2:            128%
pwm3:            128%
pwm4:            128%
pwm5:            128%
pwm6:            128%
pwm7:            128%
pwm8:            128%
pwm9:            128%
pwm1:            128%

amdgpu-pci-1900
Adapter: PCI adapter
vddgfx:      812.00 mV 
fan1:           0 RPM  (min =    0 RPM, max =    0 RPM)
edge:         +30.0°C  (crit = +85.0°C, hyst = -273.1°C)
                       (emerg = +90.0°C)
junction:     +32.0°C  (crit = +105.0°C, hyst = -273.1°C)
                       (emerg = +110.0°C)
mem:          +31.0°C  (crit = +95.0°C, hyst = -273.1°C)
                       (emerg = +100.0°C)
PPT:           4.00 W  (cap = 110.00 W)
pwm1:             12%
sclk:           9 MHz 
mclk:         167 MHz 

coretemp-isa-0000
Adapter: ISA adapter
Package id 0:  +43.0°C  (high = +93.0°C, crit = +103.0°C)
Core 0:        +42.0°C  (high = +93.0°C, crit = +103.0°C)
Core 1:        +41.0°C  (high = +93.0°C, crit = +103.0°C)
Core 3:        +42.0°C  (high = +93.0°C, crit = +103.0°C)
Core 4:        +43.0°C  (high = +93.0°C, crit = +103.0°C)

nvme-pci-0100
Adapter: PCI adapter
Composite:    +35.9°C  (low  = -20.1°C, high = +77.8°C)
                       (crit = +81.8°C)
Sensor 1:     +35.9°C  (low  = -273.1°C, high = +65261.8°C)

amdgpu-pci-6700
Adapter: PCI adapter
vddgfx:      812.00 mV 
fan1:           0 RPM  (min =    0 RPM, max =    0 RPM)
edge:         +34.0°C  (crit = +85.0°C, hyst = -273.1°C)
                       (emerg = +90.0°C)
junction:     +35.0°C  (crit = +105.0°C, hyst = -273.1°C)
                       (emerg = +110.0°C)
mem:          +32.0°C  (crit = +95.0°C, hyst = -273.1°C)
                       (emerg = +100.0°C)
PPT:           3.00 W  (cap = 110.00 W)
pwm1:             12%
sclk:           9 MHz 
mclk:         167 MHz 

dell_smm-isa-00de
Adapter: ISA adapter
fan1:        1065 RPM  (min =    0 RPM, max = 4050 RPM)
fan2:         653 RPM  (min =    0 RPM, max = 3000 RPM)
fan3:         792 RPM  (min =    0 RPM, max = 4100 RPM)
fan4:        1135 RPM  (min =    0 RPM, max = 4100 RPM)
temp1:        +46.0°C  
temp2:        +14.0°C  
temp5:        +25.0°C  
temp7:        +33.0°C  
temp8:        +35.0°C  
pwm1:             N/A
pwm2:             N/A
pwm3:             N/A
pwm4:             N/A

nvme-pci-0200
Adapter: PCI adapter
Composite:    +39.9°C  (low  = -273.1°C, high = +89.8°C)
                       (crit = +94.8°C)
Sensor 1:     +39.9°C  (low  = -273.1°C, high = +65261.8°C)
Sensor 2:     +31.9°C  (low  = -273.1°C, high = +65261.8°C)

