=== timestamp ===
2026-09-04T15:47:19-04:00
=== uname -r ===
6.18.38
=== lsusb ===
Bus 001 Device 001: ID 1d6b:0002 Linux Foundation 2.0 root hub
Bus 001 Device 002: ID 05e3:0610 Genesys Logic, Inc. Hub
Bus 001 Device 003: ID 05e3:0610 Genesys Logic, Inc. Hub
Bus 001 Device 004: ID 0bda:5411 Realtek Semiconductor Corp. RTS5411 Hub
Bus 001 Device 005: ID 0bda:5411 Realtek Semiconductor Corp. RTS5411 Hub
Bus 001 Device 006: ID 3904:f001 ARCTIC (HK) ARCTIC Fan Controller
Bus 001 Device 007: ID 046d:c52b Logitech, Inc. Unifying Receiver
Bus 002 Device 001: ID 1d6b:0003 Linux Foundation 3.0 root hub
Bus 002 Device 002: ID 05e3:0625 Genesys Logic, Inc. USB3.2 Hub
Bus 002 Device 003: ID 05e3:0626 Genesys Logic, Inc. Hub
Bus 002 Device 004: ID 0951:16ae Kingston Technology DT microDuo 3C
Bus 002 Device 005: ID 0bda:0411 Realtek Semiconductor Corp. Hub
Bus 002 Device 006: ID 0bda:0328 Realtek Semiconductor Corp. USB3.0-CRW
Bus 002 Device 007: ID 0bda:0411 Realtek Semiconductor Corp. Hub
=== lsusb controller ===
Bus 001 Device 006: ID 3904:f001 ARCTIC (HK) ARCTIC Fan Controller
=== lsmod ===
arctic_fan_controller    16384  0
amdgpu              16023552  1
amdxcp                 12288  1 amdgpu
drm_panel_backlight_quirks    12288  1 amdgpu
gpu_sched              69632  1 amdgpu
dell_smm_hwmon         28672  0
drm_buddy              32768  1 amdgpu
drm_exec               16384  1 amdgpu
drm_suballoc_helper    16384  1 amdgpu
drm_ttm_helper         20480  1 amdgpu
ttm                   126976  2 amdgpu,drm_ttm_helper
drm_display_helper    319488  1 amdgpu
cec                    81920  2 drm_display_helper,amdgpu
i2c_algo_bit           24576  1 amdgpu
video                  81920  2 dell_wmi,amdgpu
crc16                  12288  2 amdgpu,ext4
wmi                    36864  7 video,intel_wmi_thunderbolt,dell_wmi,wmi_bmof,dell_smm_hwmon,dell_smbios,dell_wmi_descriptor
usbhid                 90112  3 arctic_fan_controller,hid_logitech_dj,hid_logitech_hidpp
hid                   286720  5 usbhid,hid_generic,arctic_fan_controller,hid_logitech_dj,hid_logitech_hidpp
=== modinfo ===
=== dmesg ===
=== sensors ===
arctic_fan-hid-3-1
Adapter: HID adapter
fan1:        1970 RPM
fan2:           0 RPM
fan3:           0 RPM
fan4:           0 RPM
fan5:           0 RPM
fan6:           0 RPM
fan7:           0 RPM
fan8:           0 RPM
fan9:           0 RPM
fan10:          0 RPM
pwm1:             75%
pwm2:            128%
pwm3:            128%
pwm4:            128%
pwm5:            128%
pwm6:            128%
pwm7:            128%
pwm8:            128%
pwm9:            128%
pwm1:            128%

amdgpu-pci-1900
Adapter: PCI adapter
vddgfx:      812.00 mV 
fan1:           0 RPM  (min =    0 RPM, max =    0 RPM)
edge:         +32.0°C  (crit = +85.0°C, hyst = -273.1°C)
                       (emerg = +90.0°C)
junction:     +34.0°C  (crit = +105.0°C, hyst = -273.1°C)
                       (emerg = +110.0°C)
mem:          +32.0°C  (crit = +95.0°C, hyst = -273.1°C)
                       (emerg = +100.0°C)
PPT:           4.00 W  (cap = 110.00 W)
pwm1:             12%
sclk:           9 MHz 
mclk:         167 MHz 

coretemp-isa-0000
Adapter: ISA adapter
Package id 0:  +67.0°C  (high = +93.0°C, crit = +103.0°C)
Core 0:        +57.0°C  (high = +93.0°C, crit = +103.0°C)
Core 1:        +67.0°C  (high = +93.0°C, crit = +103.0°C)
Core 3:        +48.0°C  (high = +93.0°C, crit = +103.0°C)
Core 4:        +46.0°C  (high = +93.0°C, crit = +103.0°C)

nvme-pci-0100
Adapter: PCI adapter
Composite:    +35.9°C  (low  = -20.1°C, high = +77.8°C)
                       (crit = +81.8°C)
Sensor 1:     +35.9°C  (low  = -273.1°C, high = +65261.8°C)

amdgpu-pci-6700
Adapter: PCI adapter
vddgfx:      812.00 mV 
fan1:           0 RPM  (min =    0 RPM, max =    0 RPM)
edge:         +34.0°C  (crit = +85.0°C, hyst = -273.1°C)
                       (emerg = +90.0°C)
junction:     +35.0°C  (crit = +105.0°C, hyst = -273.1°C)
                       (emerg = +110.0°C)
mem:          +33.0°C  (crit = +95.0°C, hyst = -273.1°C)
                       (emerg = +100.0°C)
PPT:           3.00 W  (cap = 110.00 W)
pwm1:             12%
sclk:           9 MHz 
mclk:         167 MHz 

dell_smm-isa-00de
Adapter: ISA adapter
fan1:        1064 RPM  (min =    0 RPM, max = 4050 RPM)
fan2:         641 RPM  (min =    0 RPM, max = 3000 RPM)
fan3:         775 RPM  (min =    0 RPM, max = 4100 RPM)
fan4:        1147 RPM  (min =    0 RPM, max = 4100 RPM)
temp1:        +60.0°C  
temp2:        +14.0°C  
temp5:        +25.0°C  
temp7:        +32.0°C  
temp8:        +35.0°C  
pwm1:             N/A
pwm2:             N/A
pwm3:             N/A
pwm4:             N/A

nvme-pci-0200
Adapter: PCI adapter
Composite:    +40.9°C  (low  = -273.1°C, high = +89.8°C)
                       (crit = +94.8°C)
Sensor 1:     +40.9°C  (low  = -273.1°C, high = +65261.8°C)
Sensor 2:     +30.9°C  (low  = -273.1°C, high = +65261.8°C)

=== systemd arctic services ===
● arctic-fan-module-load.service - Load the kernel-matched ARCTIC Fan Controller module
     Loaded: loaded (/etc/systemd/system/arctic-fan-module-load.service; enabled; preset: ignored)
     Active: active (exited) since Fri 2026-09-04 14:17:20 EDT; 1h 29min ago
 Invocation: ad79bdad85a546408f01eb97df2f193e
    Process: 242500 ExecStart=/nix/store/insacwrvg97kj74x8dqlyjm2g44x12q3-load-arctic-fan-controller (code=exited, status=0/SUCCESS)
   Main PID: 242500 (code=exited, status=0/SUCCESS)
         IP: 0B in, 0B out
         IO: 0B read, 0B written
   Mem peak: 2.2M
        CPU: 15ms

Sep 04 14:17:20 server systemd[1]: Starting Load the kernel-matched ARCTIC Fan Controller module...
Sep 04 14:17:20 server systemd[1]: Finished Load the kernel-matched ARCTIC Fan Controller module.

● arctic-fan-safe-high.service - Set all ARCTIC Fan Controller channels to safe high
     Loaded: loaded (/etc/systemd/system/arctic-fan-safe-high.service; enabled; preset: ignored)
     Active: active (exited) since Fri 2026-09-04 14:17:20 EDT; 1h 29min ago
 Invocation: e68e9e5191204e61a4019bd816e50ac8
    Process: 242523 ExecStart=/nix/store/7cm24ayy1zaw66mhz66cay6rk84289w6-arctic-fans-100/bin/arctic-fans-100 (code=exited, status=0/SUCCESS)
   Main PID: 242523 (code=exited, status=0/SUCCESS)
         IP: 0B in, 0B out
         IO: 0B read, 0B written
   Mem peak: 2.8M
        CPU: 39ms

Sep 04 14:17:20 server systemd[1]: Starting Set all ARCTIC Fan Controller channels to safe high...
Sep 04 14:17:20 server arctic-fans-100[242523]: ARCTIC Fan Controller: verified 10 PWM channel(s) at 100%
Sep 04 14:17:20 server systemd[1]: Finished Set all ARCTIC Fan Controller channels to safe high.
=== systemd coolercontrol ===
● coolercontrold.service - CoolerControl Daemon
     Loaded: loaded (/etc/systemd/system/coolercontrold.service; enabled; preset: ignored)
    Drop-In: /nix/store/g8sd68sg8dh6fcppg5av79zzq5c0mawi-system-units/coolercontrold.service.d
             └─overrides.conf
     Active: active (running) since Fri 2026-09-04 14:17:20 EDT; 1h 29min ago
 Invocation: f1a90499f241423f9ec345c1c92c1dc2
   Main PID: 242930 (.coolercontrold)
         IP: 8K in, 4.1M out
         IO: 3.2M read, 8K written
      Tasks: 7 (limit: 154135)
     Memory: 45.6M (peak: 64M)
        CPU: 1min 45.579s
     CGroup: /system.slice/coolercontrold.service
             └─242930 /nix/store/lr5zrsm1cr16ga0kgg8qak3bbb5cdfmx-coolercontrold-4.3.1/bin/coolercontrold

Sep 04 14:17:25 server .coolercontrold-wrapped[242930]: Applying all saved device settings
Sep 04 14:17:25 server .coolercontrold-wrapped[242930]: Writing a new Alerts configuration file
Sep 04 14:17:25 server .coolercontrold-wrapped[242930]: stress-ng is not installed. Install it for additional stress test backends.
Sep 04 14:17:25 server .coolercontrold-wrapped[242930]: Generating self-signed TLS certificate...
Sep 04 14:17:25 server .coolercontrold-wrapped[242930]: Generated self-signed TLS certificate: /etc/coolercontrol/coolercontrol.crt
Sep 04 14:17:25 server .coolercontrold-wrapped[242930]: Generated TLS private key: /etc/coolercontrol/coolercontrol.key
Sep 04 14:17:25 server .coolercontrold-wrapped[242930]: Serving HTTP and HTTPS API on 127.0.0.1:11987
Sep 04 14:17:25 server .coolercontrold-wrapped[242930]: Initialization Complete
Sep 04 14:17:25 server .coolercontrold-wrapped[242930]: DBUS sleep listener connected.
Sep 04 14:17:25 server .coolercontrold-wrapped[242930]: Serving HTTP and HTTPS API on [::1]:11987
=== systemd dependency properties ===
Requires=sysinit.target arctic-fan-module-load.service system.slice
Before=coolercontrold.service multi-user.target shutdown.target
After=basic.target systemd-modules-load.service sysinit.target system.slice arctic-fan-module-load.service systemd-journald.socket

Requires=arctic-fan-safe-high.service sysinit.target system.slice
Before=multi-user.target shutdown.target
After=systemd-journald.socket arctic-fan-safe-high.service system.slice network.target sysinit.target basic.target
ExecStopPost={ path=/nix/store/7cm24ayy1zaw66mhz66cay6rk84289w6-arctic-fans-100/bin/arctic-fans-100 ; argv[]=/nix/store/7cm24ayy1zaw66mhz66cay6rk84289w6-arctic-fans-100/bin/arctic-fans-100 ; ignore_errors=no ; start_time=[n/a] ; stop_time=[n/a] ; pid=0 ; code=(null) ; status=0/0 }
=== listeners ===
LISTEN 0      128                      127.0.0.1:11988      0.0.0.0:*
LISTEN 0      128                      127.0.0.1:11987      0.0.0.0:*
LISTEN 0      128                          [::1]:11987         [::]:*
LISTEN 0      128                          [::1]:11988         [::]:*
=== dynamic arctic inspection ===
hwmon=/sys/class/hwmon/hwmon6
name=arctic_fan
device=/sys/devices/pci0000:00/0000:00:14.0/usb1/1-11/1-11:1.0/0003:3904:F001.0001
device_link=../../../0003:3904:F001.0001
--- pwm attributes ---
-rw-r--r-- /sys/class/hwmon/hwmon6/pwm1 -> 150
-rw-r--r-- /sys/class/hwmon/hwmon6/pwm10 -> 255
-rw-r--r-- /sys/class/hwmon/hwmon6/pwm2 -> 255
-rw-r--r-- /sys/class/hwmon/hwmon6/pwm3 -> 255
-rw-r--r-- /sys/class/hwmon/hwmon6/pwm4 -> 255
-rw-r--r-- /sys/class/hwmon/hwmon6/pwm5 -> 255
-rw-r--r-- /sys/class/hwmon/hwmon6/pwm6 -> 255
-rw-r--r-- /sys/class/hwmon/hwmon6/pwm7 -> 255
-rw-r--r-- /sys/class/hwmon/hwmon6/pwm8 -> 255
-rw-r--r-- /sys/class/hwmon/hwmon6/pwm9 -> 255
--- tach attributes ---
-r--r--r-- /sys/class/hwmon/hwmon6/fan10_input -> 0
-r--r--r-- /sys/class/hwmon/hwmon6/fan1_input -> 1970
-r--r--r-- /sys/class/hwmon/hwmon6/fan2_input -> 0
-r--r--r-- /sys/class/hwmon/hwmon6/fan3_input -> 0
-r--r--r-- /sys/class/hwmon/hwmon6/fan4_input -> 0
-r--r--r-- /sys/class/hwmon/hwmon6/fan5_input -> 0
-r--r--r-- /sys/class/hwmon/hwmon6/fan6_input -> 0
-r--r--r-- /sys/class/hwmon/hwmon6/fan7_input -> 0
-r--r--r-- /sys/class/hwmon/hwmon6/fan8_input -> 0
-r--r--r-- /sys/class/hwmon/hwmon6/fan9_input -> 0
PWM /sys/class/hwmon/hwmon6/pwm1=150
PWM /sys/class/hwmon/hwmon6/pwm2=255
PWM /sys/class/hwmon/hwmon6/pwm3=255
PWM /sys/class/hwmon/hwmon6/pwm4=255
PWM /sys/class/hwmon/hwmon6/pwm5=255
PWM /sys/class/hwmon/hwmon6/pwm6=255
PWM /sys/class/hwmon/hwmon6/pwm7=255
PWM /sys/class/hwmon/hwmon6/pwm8=255
PWM /sys/class/hwmon/hwmon6/pwm9=255
PWM /sys/class/hwmon/hwmon6/pwm10=255
pwm_count=10 tach_count=10 bad_pwm=1
SAFETY FAILURE: not every channel is 255
