• Validating lock
✓ Validating lock in 18.8ms
• Configuring shell
• Configuring cachix
✓ Configuring cachix in 4.89ms
• Evaluating shell
✓ Evaluating shell in 11.4ms (cached)
✓ Configuring shell in 37.2ms
• Loading tasks
• Evaluating devenv.config.task.config
✓ Evaluating devenv.config.task.config in 749µs (cached)
✓ Loading tasks in 10.9ms
• Running tasks
• Running devenv:python:uv
• Running devenv:files:cleanup
✓ Running devenv:files:cleanup in 7.48ms
✓ Running devenv:python:uv in 43.2ms
• Running devenv:enterShell
✓ Running devenv:enterShell in 17.6ms
• Running devenv:enterTest
✓ Running devenv:enterTest in 53.6µs (no command)
✓ Running tasks in 61.9ms
nix (Nix) 2.34.7
evaluation warning: 'system' has been renamed to/replaced by 'stdenv.hostPlatform.system'
evaluation warning: nix-paseo: password auth is disabled for network-reachable tailnet access.
