• Validating lock
✓ Validating lock in 21.1ms
• Configuring shell
• Configuring cachix
✓ Configuring cachix in 4.61ms
• Evaluating shell
✓ Evaluating shell in 11.6ms (cached)
✓ Configuring shell in 23.3ms
• Loading tasks
• Evaluating devenv.config.task.config
✓ Evaluating devenv.config.task.config in 835µs (cached)
✓ Loading tasks in 2.26ms
• Running tasks
• Running devenv:python:uv
• Running devenv:files:cleanup
✓ Running devenv:files:cleanup in 20.8ms
✓ Running devenv:python:uv in 92.8ms
• Running devenv:enterShell
✓ Running devenv:enterShell in 16.9ms
• Running devenv:enterTest
✓ Running devenv:enterTest in 5.92µs (no command)
✓ Running tasks in 111ms
evaluation warning: 'system' has been renamed to/replaced by 'stdenv.hostPlatform.system'
evaluation warning: nix-paseo: password auth is disabled for network-reachable tailnet access.
