/nix/store/cfgy0vhr4p05im897glpizws490lz79k-arctic-fan-watchdog:1:#!/nix/store/zh1ijdhb6gng1509b1zrilb6xlzx60j6-bash-5.3p9/bin/bash
/nix/store/cfgy0vhr4p05im897glpizws490lz79k-arctic-fan-watchdog:5:  if ! /nix/store/r6c18r4ldww1vf8pc1gnhmvjh752xr3w-arctic-fans-100/bin/arctic-fans-100; then
/nix/store/cfgy0vhr4p05im897glpizws490lz79k-arctic-fan-watchdog:29:      return 0
/nix/store/cfgy0vhr4p05im897glpizws490lz79k-arctic-fan-watchdog:35:find_junction_sensor() {
/nix/store/cfgy0vhr4p05im897glpizws490lz79k-arctic-fan-watchdog:43:      [ "$(cat "$label")" = junction ] || continue
/nix/store/cfgy0vhr4p05im897glpizws490lz79k-arctic-fan-watchdog:47:      return 0
/nix/store/cfgy0vhr4p05im897glpizws490lz79k-arctic-fan-watchdog:54:  if ! /nix/store/rd05syhv5v5999907a2n1r37sgi19vpd-systemd-260.2/bin/systemctl is-active --quiet coolercontrold.service; then
/nix/store/cfgy0vhr4p05im897glpizws490lz79k-arctic-fan-watchdog:64:  pwm_count=0
/nix/store/cfgy0vhr4p05im897glpizws490lz79k-arctic-fan-watchdog:65:  for pwm in "$arctic"/pwm[0-9] "$arctic"/pwm[0-9][0-9]; do
/nix/store/cfgy0vhr4p05im897glpizws490lz79k-arctic-fan-watchdog:66:    [ -r "$pwm" ] || continue
/nix/store/cfgy0vhr4p05im897glpizws490lz79k-arctic-fan-watchdog:67:    if ! value="$(cat "$pwm")"; then
/nix/store/cfgy0vhr4p05im897glpizws490lz79k-arctic-fan-watchdog:68:      echo "failed to read $pwm; forcing safe high" >&2
/nix/store/cfgy0vhr4p05im897glpizws490lz79k-arctic-fan-watchdog:72:      ""|*[!0-9]*)
/nix/store/cfgy0vhr4p05im897glpizws490lz79k-arctic-fan-watchdog:73:        echo "invalid PWM value in $pwm: $value" >&2
/nix/store/cfgy0vhr4p05im897glpizws490lz79k-arctic-fan-watchdog:76:      0)
/nix/store/cfgy0vhr4p05im897glpizws490lz79k-arctic-fan-watchdog:77:        echo "$pwm is zero; forcing safe high" >&2
/nix/store/cfgy0vhr4p05im897glpizws490lz79k-arctic-fan-watchdog:81:    pwm_count=$((pwm_count + 1))
/nix/store/cfgy0vhr4p05im897glpizws490lz79k-arctic-fan-watchdog:83:  if [ "$pwm_count" -eq 0 ]; then
/nix/store/cfgy0vhr4p05im897glpizws490lz79k-arctic-fan-watchdog:88:  max_junction=""
/nix/store/cfgy0vhr4p05im897glpizws490lz79k-arctic-fan-watchdog:89:  for pci in /sys/bus/pci/devices/0000:19:00.0 /sys/bus/pci/devices/0000:67:00.0; do
/nix/store/cfgy0vhr4p05im897glpizws490lz79k-arctic-fan-watchdog:90:    if ! sensor="$(find_junction_sensor "$pci")"; then
/nix/store/cfgy0vhr4p05im897glpizws490lz79k-arctic-fan-watchdog:91:      echo "GPU junction sensor missing at $pci; forcing safe high" >&2
/nix/store/cfgy0vhr4p05im897glpizws490lz79k-arctic-fan-watchdog:95:      echo "GPU junction read failed at $sensor; forcing safe high" >&2
/nix/store/cfgy0vhr4p05im897glpizws490lz79k-arctic-fan-watchdog:99:      ""|*[!0-9]*)
/nix/store/cfgy0vhr4p05im897glpizws490lz79k-arctic-fan-watchdog:100:        echo "invalid GPU junction value at $sensor: $value" >&2
/nix/store/cfgy0vhr4p05im897glpizws490lz79k-arctic-fan-watchdog:104:    if [ -z "$max_junction" ] || [ "$value" -gt "$max_junction" ]; then
/nix/store/cfgy0vhr4p05im897glpizws490lz79k-arctic-fan-watchdog:105:      max_junction="$value"
/nix/store/cfgy0vhr4p05im897glpizws490lz79k-arctic-fan-watchdog:109:  echo "ARCTIC watchdog: max_gpu_junction_mC=$max_junction"
/nix/store/cfgy0vhr4p05im897glpizws490lz79k-arctic-fan-watchdog:110:  /nix/store/sr26flm2nkfa12dkrwj2630kqsfakky4-coreutils-9.11/bin/sleep 2
/nix/store/r6c18r4ldww1vf8pc1gnhmvjh752xr3w-arctic-fans-100/bin/arctic-fans-100:1:#!/nix/store/zh1ijdhb6gng1509b1zrilb6xlzx60j6-bash-5.3p9/bin/bash
/nix/store/r6c18r4ldww1vf8pc1gnhmvjh752xr3w-arctic-fans-100/bin/arctic-fans-100:5:tries=0
/nix/store/r6c18r4ldww1vf8pc1gnhmvjh752xr3w-arctic-fans-100/bin/arctic-fans-100:6:while [ -z "$hwmon" ] && [ "$tries" -lt 120 ]; do
/nix/store/r6c18r4ldww1vf8pc1gnhmvjh752xr3w-arctic-fans-100/bin/arctic-fans-100:9:      && [ "$(/nix/store/sr26flm2nkfa12dkrwj2630kqsfakky4-coreutils-9.11/bin/cat "$h/name")" = "arctic_fan" ]; then
/nix/store/r6c18r4ldww1vf8pc1gnhmvjh752xr3w-arctic-fans-100/bin/arctic-fans-100:17:  /nix/store/sr26flm2nkfa12dkrwj2630kqsfakky4-coreutils-9.11/bin/sleep 0.5
/nix/store/r6c18r4ldww1vf8pc1gnhmvjh752xr3w-arctic-fans-100/bin/arctic-fans-100:25:pwm_files=""
/nix/store/r6c18r4ldww1vf8pc1gnhmvjh752xr3w-arctic-fans-100/bin/arctic-fans-100:26:count=0
/nix/store/r6c18r4ldww1vf8pc1gnhmvjh752xr3w-arctic-fans-100/bin/arctic-fans-100:27:failed=0
/nix/store/r6c18r4ldww1vf8pc1gnhmvjh752xr3w-arctic-fans-100/bin/arctic-fans-100:28:for pwm in "$hwmon"/pwm[0-9] "$hwmon"/pwm[0-9][0-9]; do
/nix/store/r6c18r4ldww1vf8pc1gnhmvjh752xr3w-arctic-fans-100/bin/arctic-fans-100:29:  [ -f "$pwm" ] || continue
/nix/store/r6c18r4ldww1vf8pc1gnhmvjh752xr3w-arctic-fans-100/bin/arctic-fans-100:30:  if ! printf '%s\n' 255 > "$pwm"; then
/nix/store/r6c18r4ldww1vf8pc1gnhmvjh752xr3w-arctic-fans-100/bin/arctic-fans-100:31:    echo "failed to write safe high value to $pwm" >&2
/nix/store/r6c18r4ldww1vf8pc1gnhmvjh752xr3w-arctic-fans-100/bin/arctic-fans-100:34:  pwm_files="$pwm_files $pwm"
/nix/store/r6c18r4ldww1vf8pc1gnhmvjh752xr3w-arctic-fans-100/bin/arctic-fans-100:38:if [ "$count" -eq 0 ]; then
/nix/store/r6c18r4ldww1vf8pc1gnhmvjh752xr3w-arctic-fans-100/bin/arctic-fans-100:43:for pwm in $pwm_files; do
/nix/store/r6c18r4ldww1vf8pc1gnhmvjh752xr3w-arctic-fans-100/bin/arctic-fans-100:44:  if ! value="$(/nix/store/sr26flm2nkfa12dkrwj2630kqsfakky4-coreutils-9.11/bin/cat "$pwm")"; then
/nix/store/r6c18r4ldww1vf8pc1gnhmvjh752xr3w-arctic-fans-100/bin/arctic-fans-100:45:    echo "failed to read back $pwm" >&2
/nix/store/r6c18r4ldww1vf8pc1gnhmvjh752xr3w-arctic-fans-100/bin/arctic-fans-100:47:  elif [ "$value" != 255 ]; then
/nix/store/r6c18r4ldww1vf8pc1gnhmvjh752xr3w-arctic-fans-100/bin/arctic-fans-100:48:    echo "failed to verify $pwm: got $value" >&2
/nix/store/r6c18r4ldww1vf8pc1gnhmvjh752xr3w-arctic-fans-100/bin/arctic-fans-100:53:if [ "$failed" -ne 0 ]; then
/nix/store/r6c18r4ldww1vf8pc1gnhmvjh752xr3w-arctic-fans-100/bin/arctic-fans-100:58:echo "ARCTIC Fan Controller: verified $count PWM channel(s) at 100%"
